------------------------------------------------------------
Timing Analyzer Summary
------------------------------------------------------------

Type  : Slow 1200mV 85C Model Setup 'U1|video_PLL_inst|altpll_component|auto_generated|pll1|clk[0]'
Slack : -76.623
TNS   : -1772.887

Type  : Slow 1200mV 85C Model Setup 'CLOCK_50'
Slack : -10.277
TNS   : -647.426

Type  : Slow 1200mV 85C Model Hold 'U1|video_PLL_inst|altpll_component|auto_generated|pll1|clk[0]'
Slack : 0.401
TNS   : 0.000

Type  : Slow 1200mV 85C Model Hold 'CLOCK_50'
Slack : 0.403
TNS   : 0.000

Type  : Slow 1200mV 85C Model Minimum Pulse Width 'U1|video_PLL_inst|altpll_component|auto_generated|pll1|clk[0]'
Slack : 3.541
TNS   : 0.000

Type  : Slow 1200mV 85C Model Minimum Pulse Width 'CLOCK_50'
Slack : 4.674
TNS   : 0.000

Type  : Slow 1200mV 0C Model Setup 'U1|video_PLL_inst|altpll_component|auto_generated|pll1|clk[0]'
Slack : -68.683
TNS   : -1592.245

Type  : Slow 1200mV 0C Model Setup 'CLOCK_50'
Slack : -8.789
TNS   : -548.277

Type  : Slow 1200mV 0C Model Hold 'U1|video_PLL_inst|altpll_component|auto_generated|pll1|clk[0]'
Slack : 0.353
TNS   : 0.000

Type  : Slow 1200mV 0C Model Hold 'CLOCK_50'
Slack : 0.355
TNS   : 0.000

Type  : Slow 1200mV 0C Model Minimum Pulse Width 'U1|video_PLL_inst|altpll_component|auto_generated|pll1|clk[0]'
Slack : 3.531
TNS   : 0.000

Type  : Slow 1200mV 0C Model Minimum Pulse Width 'CLOCK_50'
Slack : 4.686
TNS   : 0.000

Type  : Fast 1200mV 0C Model Setup 'U1|video_PLL_inst|altpll_component|auto_generated|pll1|clk[0]'
Slack : -33.648
TNS   : -795.136

Type  : Fast 1200mV 0C Model Setup 'CLOCK_50'
Slack : -0.298
TNS   : -4.695

Type  : Fast 1200mV 0C Model Hold 'U1|video_PLL_inst|altpll_component|auto_generated|pll1|clk[0]'
Slack : 0.180
TNS   : 0.000

Type  : Fast 1200mV 0C Model Hold 'CLOCK_50'
Slack : 0.182
TNS   : 0.000

Type  : Fast 1200mV 0C Model Minimum Pulse Width 'U1|video_PLL_inst|altpll_component|auto_generated|pll1|clk[0]'
Slack : 3.625
TNS   : 0.000

Type  : Fast 1200mV 0C Model Minimum Pulse Width 'CLOCK_50'
Slack : 4.237
TNS   : 0.000

------------------------------------------------------------
